<?xml version="1.0" encoding="UTF-8"?>
<testsuites name="jest tests" tests="2" failures="0" errors="0" time="2.094">
  <testsuite name="테스트" errors="0" failures="0" skipped="0" timestamp="2022-12-16T18:47:21" time="1.759" tests="2">
    <testcase classname="테스트 Home" name="테스트 Home" time="0.033">
    </testcase>
    <testcase classname="테스트 About" name="테스트 About" time="0.016">
    </testcase>
  </testsuite>
</testsuites>